
=== Thu Nov 21 23:28:11 2024

Packages were changed.
Update Mode: mergeDefaultDependencies

The following packages were added:
  com.unity.modules.ai@1.0.0
  com.unity.modules.androidjni@1.0.0
  com.unity.modules.animation@1.0.0
  com.unity.modules.assetbundle@1.0.0
  com.unity.modules.audio@1.0.0
  com.unity.modules.cloth@1.0.0
  com.unity.modules.director@1.0.0
  com.unity.modules.imageconversion@1.0.0
  com.unity.modules.imgui@1.0.0
  com.unity.modules.jsonserialize@1.0.0
  com.unity.modules.particlesystem@1.0.0
  com.unity.modules.physics@1.0.0
  com.unity.modules.physics2d@1.0.0
  com.unity.modules.screencapture@1.0.0
  com.unity.modules.terrain@1.0.0
  com.unity.modules.terrainphysics@1.0.0
  com.unity.modules.tilemap@1.0.0
  com.unity.modules.ui@1.0.0
  com.unity.modules.uielements@1.0.0
  com.unity.modules.umbra@1.0.0
  com.unity.modules.unityanalytics@1.0.0
  com.unity.modules.unitywebrequest@1.0.0
  com.unity.modules.unitywebrequestassetbundle@1.0.0
  com.unity.modules.unitywebrequestaudio@1.0.0
  com.unity.modules.unitywebrequesttexture@1.0.0
  com.unity.modules.unitywebrequestwww@1.0.0
  com.unity.modules.vehicles@1.0.0
  com.unity.modules.video@1.0.0
  com.unity.modules.vr@1.0.0
  com.unity.modules.wind@1.0.0
  com.unity.modules.xr@1.0.0
  com.unity.modules.accessibility@1.0.0
The following packages were updated:
  com.unity.collab-proxy from version 2.2.0 to 2.3.1
  com.unity.ide.rider from version 3.0.27 to 3.0.28
  com.unity.render-pipelines.universal from version 16.0.5 to 16.0.6

=== Thu Nov 21 23:29:03 2024

Packages were changed.
Update Mode: updateDependencies

The following packages were added:
  com.unity.2d.sprite@1.0.0
  com.unity.2d.tilemap@1.0.0
  com.unity.ads@4.4.2
  com.unity.analytics@3.8.1
  com.unity.purchasing@4.11.0
  com.unity.xr.legacyinputhelpers@2.1.10

=== Sun Mar 30 16:32:16 2025

Packages were changed.
Update Mode: updateDependencies

The following packages were updated:
  com.unity.burst from version 1.8.4 to 1.8.13
  com.unity.cinemachine from version 2.9.7 to 2.10.0
  com.unity.ext.nunit from version 1.0.6 to 2.0.5
  com.unity.inputsystem from version 1.5.1 to 1.7.0
  com.unity.render-pipelines.core from version 14.0.7 to 16.0.6
  com.unity.render-pipelines.universal from version 14.0.7 to 16.0.6
  com.unity.shadergraph from version 14.0.7 to 16.0.6
  com.unity.test-framework from version 1.1.33 to 1.3.9
  com.unity.ugui from version 1.0.0 to 2.0.0

=== Sun Mar 30 16:32:16 2025

Packages were changed.
Update Mode: mergeDefaultDependencies

The following packages were added:
  com.unity.burst@1.8.13
  com.unity.cinemachine@2.10.0
  com.unity.ext.nunit@2.0.5
  com.unity.inputsystem@1.7.0
  com.unity.mathematics@1.2.6
  com.unity.render-pipelines.core@16.0.6
  com.unity.searcher@4.9.2
  com.unity.shadergraph@16.0.6
  com.unity.modules.subsystems@1.0.0

=== Sun Mar 30 16:34:03 2025

Packages were changed.
Update Mode: updateDependencies

The following packages were updated:
  com.unity.burst from version 1.8.4 to 1.8.13
  com.unity.cinemachine from version 2.9.7 to 2.10.0
  com.unity.ext.nunit from version 1.0.6 to 2.0.5
  com.unity.inputsystem from version 1.5.1 to 1.7.0
  com.unity.render-pipelines.core from version 14.0.7 to 16.0.6
  com.unity.render-pipelines.universal from version 14.0.7 to 16.0.6
  com.unity.shadergraph from version 14.0.7 to 16.0.6
  com.unity.test-framework from version 1.1.33 to 1.3.9
  com.unity.ugui from version 1.0.0 to 2.0.0
